**********************
Windows PowerShell 轉譯開始
開始時間: 20260908100003
使用者名稱: E104TW\howard.lai
RunAs 使用者: E104TW\howard.lai
設定名稱: 
電腦: 3824_1040 (Microsoft Windows NT 10.0.26200.0)
主應用程式: powershell.exe -NonInteractive -ExecutionPolicy Bypass -File D:\researchs\recsys-paper\run_daily.ps1
處理序識別碼: 44748
PSVersion: 5.1.26100.8875
PSEdition: Desktop
PSCompatibleVersions: 1.0, 2.0, 3.0, 4.0, 5.0, 5.1.26100.8875
BuildVersion: 10.0.26100.8875
CLRVersion: 4.0.30319.42000
WSManStackVersion: 3.0
PSRemotingProtocolVersion: 2.3
SerializationVersion: 1.1.0.1
**********************
=== Daily arXiv update started: 09/08/2026 10:00:03 ===
--- Running daily_arxiv.py ---
[09/08/2026 10:00:16 INFO]   + [2026-05-21] Reinforced Preference Optimization for Reasoning-Augmented Recommendations
[09/08/2026 10:00:16 INFO]   + [2026-05-20] FLUID: From Ephemeral IDs to Multimodal Semantic Codes for Industrial-Scale
Live
[09/08/2026 10:00:16 INFO]   + [2026-05-20] PEARL: Unbiased Percentile Estimation via Contrastive Learning for Industria
l-Sc
[09/08/2026 10:00:16 INFO]   + [2026-05-20] HiRes: Inspectable Precedent Memory for Reaction Condition Recommendation
[09/08/2026 10:00:16 INFO]   + [2026-05-20] Robust Personalized Recommendation under Hidden Confounding in MNAR
[09/08/2026 10:00:16 INFO]   + [2026-05-20] Robust Recommendation from Noisy Implicit Feedback: A GMM-Weighted Bayes-lab
el T
[09/08/2026 10:00:16 INFO]   + [2026-05-19] Spectral bandits for smooth graph functions with applications in recommender
 sys
[09/08/2026 10:00:16 INFO]   + [2026-05-19] Multi-Week, In-Class Deployments of Telepresence Robots With Four Homebound
K-12
[09/08/2026 10:00:16 INFO]   + [2026-05-19] Divergence Meets Consensus: A Multi-Source Negative Sampling Framework for S
eque
[09/08/2026 10:00:16 INFO]   + [2026-05-19] Platform architecture determines whether recommendation algorithms can shape
 inf
[09/08/2026 10:00:16 INFO]   + [2026-05-18] The QuaST Decision Tree: Achieving Automation With Data-Based Recommendation
s
[09/08/2026 10:00:16 INFO]   + [2026-05-18] SkillsVote: Lifecycle Governance of Agent Skills from Collection, Recommenda
tion
[09/08/2026 10:00:19 INFO] Topic 'Recommendation': 500 papers found.
[09/08/2026 10:00:19 INFO] === Fetch complete ===
[09/08/2026 10:00:20 INFO] Markdown written: README.md
[09/08/2026 10:00:20 INFO] Target 'readme' done.
[09/08/2026 10:00:20 INFO] Markdown written: docs\index.md
[09/08/2026 10:00:20 INFO] Target 'gitpage' done.
--- Git: staging changes ---


--- Git: committing ---

--- Git: pushing ---

Push successful.
=== Done: 09/08/2026 10:00:24 ===
**********************
Windows PowerShell 轉譯結束
結束時間: 20260908100024
**********************
