**********************
Windows PowerShell 轉譯開始
開始時間: 20260603100003
使用者名稱: E104TW\howard.lai
RunAs 使用者: E104TW\howard.lai
設定名稱: 
電腦: 3824_1040 (Microsoft Windows NT 10.0.26200.0)
主應用程式: powershell.exe -NonInteractive -ExecutionPolicy Bypass -File D:\researchs\recsys-paper\run_daily.ps1
處理序識別碼: 4572
PSVersion: 5.1.26100.7920
PSEdition: Desktop
PSCompatibleVersions: 1.0, 2.0, 3.0, 4.0, 5.0, 5.1.26100.7920
BuildVersion: 10.0.26100.7920
CLRVersion: 4.0.30319.42000
WSManStackVersion: 3.0
PSRemotingProtocolVersion: 2.3
SerializationVersion: 1.1.0.1
**********************
=== Daily arXiv update started: 06/03/2026 10:00:03 ===
--- Running daily_arxiv.py ---
Book
[06/03/2026 10:00:17 INFO]   + [2026-02-12] ULTRA:Urdu Language Transformer-based Recommendation Architecture
[06/03/2026 10:00:17 INFO]   + [2026-02-12] Hi-SAM: A Hierarchical Structure-Aware Multi-modal Framework for Large-Scale
 Rec
[06/03/2026 10:00:17 INFO]   + [2026-02-12] Uncertainty-aware Generative Recommendation
[06/03/2026 10:00:17 INFO]   + [2026-02-12] EpicCBR: Item-Relation-Enhanced Dual-Scenario Contrastive Learning for Cold-
Star
[06/03/2026 10:00:17 INFO]   + [2026-02-12] IntTravel: A Real-World Dataset and Generative Framework for Integrated Mult
i-Ta
[06/03/2026 10:00:17 INFO]   + [2026-02-12] Recurrent Preference Memory for Efficient Long-Sequence Generative Recommend
atio
[06/03/2026 10:00:17 INFO]   + [2026-02-11] MoToRec: Sparse-Regularized Multimodal Tokenization for Cold-Start Recommend
atio
[06/03/2026 10:00:17 INFO]   + [2026-02-11] MTFM: A Scalable and Alignment-free Foundation Model for Industrial Recommen
dati
[06/03/2026 10:00:17 INFO]   + [2026-02-11] Viewpoint Recommendation for Point Cloud Labeling through Interaction Cost M
odel
[06/03/2026 10:00:17 INFO]   + [2026-02-11] Equity by Design: Fairness-Driven Recommendation in Heterogeneous Two-Sided
Mark
[06/03/2026 10:00:17 INFO]   + [2026-02-11] Spend Search Where It Pays: Value-Guided Structured Sampling and Optimizatio
n fo
[06/03/2026 10:00:20 INFO] Topic 'Recommendation': 398 papers found.
[06/03/2026 10:00:20 INFO] === Fetch complete ===
[06/03/2026 10:00:20 INFO] Markdown written: README.md
[06/03/2026 10:00:20 INFO] Target 'readme' done.
[06/03/2026 10:00:20 INFO] Markdown written: docs\index.md
[06/03/2026 10:00:20 INFO] Target 'gitpage' done.
--- Git: staging changes ---


--- Git: committing ---

--- Git: pushing ---

Push successful.
=== Done: 06/03/2026 10:00:25 ===
**********************
Windows PowerShell 轉譯結束
結束時間: 20260603100025
**********************
