**********************
Windows PowerShell 轉譯開始
開始時間: 20260805100004
使用者名稱: E104TW\howard.lai
RunAs 使用者: E104TW\howard.lai
設定名稱: 
電腦: 3824_1040 (Microsoft Windows NT 10.0.26200.0)
主應用程式: powershell.exe -NonInteractive -ExecutionPolicy Bypass -File D:\researchs\recsys-paper\run_daily.ps1
處理序識別碼: 21780
PSVersion: 5.1.26100.8457
PSEdition: Desktop
PSCompatibleVersions: 1.0, 2.0, 3.0, 4.0, 5.0, 5.1.26100.8457
BuildVersion: 10.0.26100.8457
CLRVersion: 4.0.30319.42000
WSManStackVersion: 3.0
PSRemotingProtocolVersion: 2.3
SerializationVersion: 1.1.0.1
**********************
=== Daily arXiv update started: 08/05/2026 10:00:04 ===
--- Running daily_arxiv.py ---
ient
[08/05/2026 10:00:10 INFO]   + [2026-04-16] CPGRec+: A Balance-oriented Framework for Personalized Video Game Recommenda
tion
[08/05/2026 10:00:10 INFO]   + [2026-04-16] Behavior-Aware Dual-Channel Preference Learning for Heterogeneous Sequential
 Rec
[08/05/2026 10:00:10 INFO]   + [2026-04-16] NewsTorch: A PyTorch-based Toolkit for Learner-oriented News Recommendation
[08/05/2026 10:00:10 INFO]   + [2026-04-15] ID and Graph View Contrastive Learning with Multi-View Attention Fusion for
Sequ
[08/05/2026 10:00:10 INFO]   + [2026-04-15] Enhancing Local Life Service Recommendation with Agentic Reasoning in Large
Lang
[08/05/2026 10:00:10 INFO]   + [2026-04-15] DUET: Joint Exploration of User Item Profiles in Recommendation System
[08/05/2026 10:00:10 INFO]   + [2026-04-15] TokenFormer: Unify the Multi-Field and Sequential Recommendation Worlds
[08/05/2026 10:00:10 INFO]   + [2026-04-15] RecNextEval: A Reference Implementation for Temporal Next-Batch Recommendati
on E
[08/05/2026 10:00:10 INFO]   + [2026-04-15] From Transfer to Collaboration: A Federated Framework for Cross-Market Seque
ntia
[08/05/2026 10:00:10 INFO]   + [2026-04-15] RoTE: Coarse-to-Fine Multi-Level Rotary Time Embedding for Sequential Recomm
enda
[08/05/2026 10:00:10 INFO]   + [2026-04-15] Young people's perceptions and recommendations for conversational generative
 art
[08/05/2026 10:00:10 INFO]   + [2026-04-14] Sparse Contrastive Learning for Content-Based Cold Item Recommendation
[08/05/2026 10:00:13 INFO] Topic 'Recommendation': 500 papers found.
[08/05/2026 10:00:13 INFO] === Fetch complete ===
[08/05/2026 10:00:13 INFO] Markdown written: README.md
[08/05/2026 10:00:13 INFO] Target 'readme' done.
[08/05/2026 10:00:14 INFO] Markdown written: docs\index.md
[08/05/2026 10:00:14 INFO] Target 'gitpage' done.
--- Git: staging changes ---


--- Git: committing ---

--- Git: pushing ---

Push successful.
=== Done: 08/05/2026 10:00:18 ===
**********************
Windows PowerShell 轉譯結束
結束時間: 20260805100018
**********************
