**********************
Windows PowerShell 轉譯開始
開始時間: 20260814100003
使用者名稱: E104TW\howard.lai
RunAs 使用者: E104TW\howard.lai
設定名稱: 
電腦: 3824_1040 (Microsoft Windows NT 10.0.26200.0)
主應用程式: powershell.exe -NonInteractive -ExecutionPolicy Bypass -File D:\researchs\recsys-paper\run_daily.ps1
處理序識別碼: 32052
PSVersion: 5.1.26100.8875
PSEdition: Desktop
PSCompatibleVersions: 1.0, 2.0, 3.0, 4.0, 5.0, 5.1.26100.8875
BuildVersion: 10.0.26100.8875
CLRVersion: 4.0.30319.42000
WSManStackVersion: 3.0
PSRemotingProtocolVersion: 2.3
SerializationVersion: 1.1.0.1
**********************
=== Daily arXiv update started: 08/14/2026 10:00:03 ===
--- Running daily_arxiv.py ---
